[tf_serve] rank 0 env: B12X_COMPILE_CACHE_DIR=/workspace/b12x/compile_cache B12X_ROCE_CACHE_DIR=/workspace/b12x/roce_cache B12X_ROCE_GID_INDEX=5 B12X_ROCE_SPIN_LIMIT=300000000 CUDA_VISIBLE_DEVICES=0 GLOO_SOCKET_IFNAME=enp1s0f0np0 NCCL_IB_HCA=rocep1s0f0 NCCL_SOCKET_IFNAME==enp1s0f0np0 PYTHONDONTWRITEBYTECODE=1 PYTHONFAULTHANDLER=1 PYTHONUNBUFFERED=1 TENSORFOLD_NO_UPDATE_CHECK=1 TFS_ALIAS=glm-5.3 TFS_API_KEY_FILE= TFS_B12X_ENV=/workspace/b12x/env.sh TFS_CLONE=/workspace/TensorFold/src TFS_CLONE_DIFF_SHA=1555d8ad577dccf99db990c90f9427b001ecdce91da05e23fcde01719ba4a7c7 TFS_CLONE_HEAD=689596d723115dc99d3c543e88847ebb93d00565 TFS_CONTEXT=262144 TFS_CTL=/workspace/tf_serve/ctl TFS_DFLASH=/workspace/models/GLM-5.3-DFlash2 TFS_DFLASH_CONFIDENCE=0.60 TFS_DFLASH_DEPTH=7 TFS_DRAFT_DEFAULT=1 TFS_FADVISE_DIRS=/workspace/view /workspace/models/GLM-5.3-EXL3-3.38bpw /workspace/models/lm_head_src /workspace/models/GLM-5.3-DFlash2 TFS_HCA=rocep1s0f0 TFS_HEALTH=round TFS_HOME=/workspace/tf_serve TFS_HTTP_HOST=127.0.0.1 TFS_HTTP_PORT=8890 TFS_IFNAME=enp1s0f0np0 TFS_LOGS=/workspace/tf_serve/logs TFS_MASTER=10.0.0.10 TFS_MASTER_PORT=29750 TFS_MAX_TOKENS=4096 TFS_MIN_AVAIL_GIB=2 TFS_MIN_START_GIB=100 TFS_NAME=GLM-5.3-EXL3-3.38bpw TFS_NCCL_LIB=/workspace/venv/lib/python3.12/site-packages/nvidia/nccl/lib/libnccl.so.2 TFS_OFFICIAL_TEMPLATE_SHA=3740abcea51c45830cb3ca562084ad5fb2ef53589376f73332e9886f93ade41c TFS_PROMPT_ROWS=2048 TFS_RANKS=spark-0:0:10.0.0.10 spark-1:1:10.0.0.11 spark-2:2:10.0.0.12 spark-3:3:10.0.0.13 TFS_ROCE=1 TFS_SRC_VIEW=/workspace/view TFS_SSH_HOSTS=spark-0 spark-1 spark-2 spark-3 TFS_TEMPLATE_SHA=2059ad4b073838cebd243d09b6633833e633edd866b95c549be25483909b00d0 TFS_THINKING=1 TFS_TILES=/workspace/tf_serve/tiles/tiles.json TFS_TILES_SHA=db409731548ce676d14f29818ff689611202c27023f5cc4bcb93cbd871d6c84a TFS_TILES_SRC=/workspace/tf_speed/tiles/tiles.json TFS_VENV_PY=/workspace/venv/bin/python TFS_VERIFY_ROWS=8 TFS_VIEW=/workspace/view TFS_WARMUP=1 TFS_WATCH_GRACE_S=45 TF_GLM53_CACHE_RESERVE_GB=6 TF_GLM53_DCP=1 TF_GLM53_DFLASH=/workspace/models/GLM-5.3-DFlash2 TF_GLM53_DFLASH_CONFIDENCE=0.60 TF_GLM53_DFLASH_DEPTH=7 TF_GLM53_PROFILE_FLAG=/workspace/tf_serve/ctl/PROFILE TF_GLM53_PROMPT_ROWS=2048 TF_GLM53_ROCE=1 TF_GLM53_VERIFY_ROWS=8 TF_NCCL_LIB=/workspace/venv/lib/python3.12/site-packages/nvidia/nccl/lib/libnccl.so.2
[tf_serve] rank 0 argv: tensorfold serve /workspace/view --backend cuda --tp 4 --rank 0 --master 10.0.0.10 --master-port 29750 --context 262144 --host 127.0.0.1 --port 8890 --name GLM-5.3-EXL3-3.38bpw --max-tokens 4096 --thinking --no-update-check --alias glm-5.3
[tensorfold] GLM-5.3 runs on four NVIDIA GPUs with 128 GB each (four DGX Sparks): serve with --tp 4 on all four (docs/design/glm-moe-dsa-tp4.md)
[tensorfold] loading GLM-5.3-EXL3-3.38bpw: GLM-5.3 (glm_moe_dsa) on CUDA, rank 0 of 4
[tensorfold] Loaded layer 1/78
[tensorfold] Loaded layer 11/78
[tensorfold] Loaded layer 21/78
[tensorfold] Loaded layer 31/78
[tensorfold] Loaded layer 41/78
[tensorfold] Loaded layer 51/78
[tensorfold] Loaded layer 61/78
[tensorfold] Loaded layer 71/78
[tensorfold] Loaded layer 78/78
[tf_speed] tiles pinned from /workspace/tf_serve/tiles/tiles.json (sha db409731548ce676): 567 linears, 352 differ from plan()
[tensorfold] RoCE one-shot reduce ready (ranks bit-equal: True; equals the NCCL rank-order sum: True; windows of 3 and 32 rows)
[tensorfold] decode-window reductions: RoCE one-shot
[tensorfold] rank 0: took rank 0's tiles (0 of 567 linears differed)
[tensorfold] rank 0: dropped page cache of 59 checkpoint files; device free 27.6 GiB before the caches
[rank0]: Traceback (most recent call last):
[rank0]:   File "/workspace/tf_serve/lib/tf_serve_rank.py", line 238, in <module>
[rank0]:     raise SystemExit(main())
[rank0]:                      ^^^^^^
[rank0]:   File "/workspace/tf_serve/lib/tf_serve_rank.py", line 230, in main
[rank0]:     rc = cli.main(targv)
[rank0]:          ^^^^^^^^^^^^^^^
[rank0]:   File "/workspace/TensorFold/src/tensorfold/cli.py", line 41, in main
[rank0]:     return int(args.func(args) or 0)
[rank0]:                ^^^^^^^^^^^^^^^
[rank0]:   File "/workspace/TensorFold/src/tensorfold/cli.py", line 388, in cmd_serve
[rank0]:     return _serve_cuda(args, family, model_dir, context)
[rank0]:            ^^^^^^^^^^^^^^^^^^^^^^^^^^^^^^^^^^^^^^^^^^^^^
[rank0]:   File "/workspace/TensorFold/src/tensorfold/cli.py", line 284, in _serve_cuda
[rank0]:     engine = family.package.cuda_engine(model_dir, **options)
[rank0]:              ^^^^^^^^^^^^^^^^^^^^^^^^^^^^^^^^^^^^^^^^^^^^^^^^
[rank0]:   File "/workspace/tf_serve/lib/tf_serve_patches.py", line 278, in cuda_engine
[rank0]:     engine = orig(model_dir, **options)
[rank0]:              ^^^^^^^^^^^^^^^^^^^^^^^^^^
[rank0]:   File "/workspace/TensorFold/src/tensorfold/families/glm_moe_dsa/__init__.py", line 48, in cuda_engine
[rank0]:     return Glm53Engine(Path(model_dir), rank=int(rank), master=master, port=int(master_port),
[rank0]:            ^^^^^^^^^^^^^^^^^^^^^^^^^^^^^^^^^^^^^^^^^^^^^^^^^^^^^^^^^^^^^^^^^^^^^^^^^^^^^^^^^^
[rank0]:   File "/workspace/TensorFold/src/tensorfold/families/glm_moe_dsa/cuda/engine.py", line 150, in __init__
[rank0]:     self.runner = Runner(fw, self.limit + self.k + 1, self.k, graphs=GRAPHS, slots=self.parallel)
[rank0]:                   ^^^^^^^^^^^^^^^^^^^^^^^^^^^^^^^^^^^^^^^^^^^^^^^^^^^^^^^^^^^^^^^^^^^^^^^^^^^^^^^
[rank0]:   File "/workspace/TensorFold/src/tensorfold/families/glm_moe_dsa/cuda/runner.py", line 127, in __init__
[rank0]:     self._check_cache_fits(w, capacity, slots)
[rank0]:   File "/workspace/TensorFold/src/tensorfold/families/glm_moe_dsa/cuda/runner.py", line 282, in _check_cache_fits
[rank0]:     raise RuntimeError(f"context {capacity} x {slots} streams needs {need / 2**30:.1f} GiB of caches a rank, "
[rank0]: RuntimeError: context 262145 x 1 streams needs 21.9 GiB of caches a rank, 27.6 GiB is free (keeping 6 GiB spare): use --context <= 258515 with --parallel 1, or fewer streams
